
> norr3-new-website-tmp@0.1.0 start
> next start -p 3847

▲ Next.js 16.3.0
- Local:         http://localhost:3847
- Network:       http://194.31.55.65:3847
✓ Ready in 354ms
✓ Running next.config.ts took 57ms
⨯ Failed to start server
Error: listen EADDRINUSE: address already in use :::3847
    at <unknown> (Error: listen EADDRINUSE: address already in use :::3847)
    at new Promise (<anonymous>) {
  code: 'EADDRINUSE',
  errno: -98,
  syscall: 'listen',
  address: '::',
  port: 3847
}
⨯ Failed to start server
Error: listen EADDRINUSE: address already in use :::3847
    at <unknown> (Error: listen EADDRINUSE: address already in use :::3847)
    at new Promise (<anonymous>) {
  code: 'EADDRINUSE',
  errno: -98,
  syscall: 'listen',
  address: '::',
  port: 3847
}
⨯ Failed to start server
Error: listen EADDRINUSE: address already in use :::3847
    at <unknown> (Error: listen EADDRINUSE: address already in use :::3847)
    at new Promise (<anonymous>) {
  code: 'EADDRINUSE',
  errno: -98,
  syscall: 'listen',
  address: '::',
  port: 3847
}
⨯ Failed to start server
Error: listen EADDRINUSE: address already in use :::3847
    at <unknown> (Error: listen EADDRINUSE: address already in use :::3847)
    at new Promise (<anonymous>) {
  code: 'EADDRINUSE',
  errno: -98,
  syscall: 'listen',
  address: '::',
  port: 3847
}
⨯ Failed to start server
Error: listen EADDRINUSE: address already in use :::3847
    at <unknown> (Error: listen EADDRINUSE: address already in use :::3847)
    at new Promise (<anonymous>) {
  code: 'EADDRINUSE',
  errno: -98,
  syscall: 'listen',
  address: '::',
  port: 3847
}
⨯ Failed to start server
Error: listen EADDRINUSE: address already in use :::3847
    at <unknown> (Error: listen EADDRINUSE: address already in use :::3847)
    at new Promise (<anonymous>) {
  code: 'EADDRINUSE',
  errno: -98,
  syscall: 'listen',
  address: '::',
  port: 3847
}
⨯ Failed to start server
Error: listen EADDRINUSE: address already in use :::3847
    at <unknown> (Error: listen EADDRINUSE: address already in use :::3847)
    at new Promise (<anonymous>) {
  code: 'EADDRINUSE',
  errno: -98,
  syscall: 'listen',
  address: '::',
  port: 3847
}
⨯ Failed to start server
Error: listen EADDRINUSE: address already in use :::3847
    at <unknown> (Error: listen EADDRINUSE: address already in use :::3847)
    at new Promise (<anonymous>) {
  code: 'EADDRINUSE',
  errno: -98,
  syscall: 'listen',
  address: '::',
  port: 3847
}
⨯ Failed to start server
Error: listen EADDRINUSE: address already in use :::3847
    at <unknown> (Error: listen EADDRINUSE: address already in use :::3847)
    at new Promise (<anonymous>) {
  code: 'EADDRINUSE',
  errno: -98,
  syscall: 'listen',
  address: '::',
  port: 3847
}
⨯ Failed to start server
Error: listen EADDRINUSE: address already in use :::3847
    at <unknown> (Error: listen EADDRINUSE: address already in use :::3847)
    at new Promise (<anonymous>) {
  code: 'EADDRINUSE',
  errno: -98,
  syscall: 'listen',
  address: '::',
  port: 3847
}
⨯ Failed to start server
Error: listen EADDRINUSE: address already in use :::3847
    at <unknown> (Error: listen EADDRINUSE: address already in use :::3847)
    at new Promise (<anonymous>) {
  code: 'EADDRINUSE',
  errno: -98,
  syscall: 'listen',
  address: '::',
  port: 3847
}
⨯ Failed to start server
Error: listen EADDRINUSE: address already in use :::3847
    at <unknown> (Error: listen EADDRINUSE: address already in use :::3847)
    at new Promise (<anonymous>) {
  code: 'EADDRINUSE',
  errno: -98,
  syscall: 'listen',
  address: '::',
  port: 3847
}
⨯ Failed to start server
Error: listen EADDRINUSE: address already in use :::3847
    at <unknown> (Error: listen EADDRINUSE: address already in use :::3847)
    at new Promise (<anonymous>) {
  code: 'EADDRINUSE',
  errno: -98,
  syscall: 'listen',
  address: '::',
  port: 3847
}
⨯ Failed to start server
Error: listen EADDRINUSE: address already in use :::3847
    at <unknown> (Error: listen EADDRINUSE: address already in use :::3847)
    at new Promise (<anonymous>) {
  code: 'EADDRINUSE',
  errno: -98,
  syscall: 'listen',
  address: '::',
  port: 3847
}
⨯ Failed to start server
Error: listen EADDRINUSE: address already in use :::3847
    at <unknown> (Error: listen EADDRINUSE: address already in use :::3847)
    at new Promise (<anonymous>) {
  code: 'EADDRINUSE',
  errno: -98,
  syscall: 'listen',
  address: '::',
  port: 3847
}
⨯ Failed to start server
Error: listen EADDRINUSE: address already in use :::3847
    at <unknown> (Error: listen EADDRINUSE: address already in use :::3847)
    at new Promise (<anonymous>) {
  code: 'EADDRINUSE',
  errno: -98,
  syscall: 'listen',
  address: '::',
  port: 3847
}
⨯ Failed to start server
Error: listen EADDRINUSE: address already in use :::3847
    at <unknown> (Error: listen EADDRINUSE: address already in use :::3847)
    at new Promise (<anonymous>) {
  code: 'EADDRINUSE',
  errno: -98,
  syscall: 'listen',
  address: '::',
  port: 3847
}
⨯ Failed to start server
Error: listen EADDRINUSE: address already in use :::3847
    at <unknown> (Error: listen EADDRINUSE: address already in use :::3847)
    at new Promise (<anonymous>) {
  code: 'EADDRINUSE',
  errno: -98,
  syscall: 'listen',
  address: '::',
  port: 3847
}
⨯ Failed to start server
Error: listen EADDRINUSE: address already in use :::3847
    at <unknown> (Error: listen EADDRINUSE: address already in use :::3847)
    at new Promise (<anonymous>) {
  code: 'EADDRINUSE',
  errno: -98,
  syscall: 'listen',
  address: '::',
  port: 3847
}
⨯ Failed to start server
Error: listen EADDRINUSE: address already in use :::3847
    at <unknown> (Error: listen EADDRINUSE: address already in use :::3847)
    at new Promise (<anonymous>) {
  code: 'EADDRINUSE',
  errno: -98,
  syscall: 'listen',
  address: '::',
  port: 3847
}
⨯ Failed to start server
Error: listen EADDRINUSE: address already in use :::3847
    at <unknown> (Error: listen EADDRINUSE: address already in use :::3847)
    at new Promise (<anonymous>) {
  code: 'EADDRINUSE',
  errno: -98,
  syscall: 'listen',
  address: '::',
  port: 3847
}
⨯ Failed to start server
Error: listen EADDRINUSE: address already in use :::3847
    at <unknown> (Error: listen EADDRINUSE: address already in use :::3847)
    at new Promise (<anonymous>) {
  code: 'EADDRINUSE',
  errno: -98,
  syscall: 'listen',
  address: '::',
  port: 3847
}
⨯ Failed to start server
Error: listen EADDRINUSE: address already in use :::3847
    at <unknown> (Error: listen EADDRINUSE: address already in use :::3847)
    at new Promise (<anonymous>) {
  code: 'EADDRINUSE',
  errno: -98,
  syscall: 'listen',
  address: '::',
  port: 3847
}
⨯ Failed to start server
Error: listen EADDRINUSE: address already in use :::3847
    at <unknown> (Error: listen EADDRINUSE: address already in use :::3847)
    at new Promise (<anonymous>) {
  code: 'EADDRINUSE',
  errno: -98,
  syscall: 'listen',
  address: '::',
  port: 3847
}
⨯ Failed to start server
Error: listen EADDRINUSE: address already in use :::3847
    at <unknown> (Error: listen EADDRINUSE: address already in use :::3847)
    at new Promise (<anonymous>) {
  code: 'EADDRINUSE',
  errno: -98,
  syscall: 'listen',
  address: '::',
  port: 3847
}
⨯ Failed to start server
Error: listen EADDRINUSE: address already in use :::3847
    at <unknown> (Error: listen EADDRINUSE: address already in use :::3847)
    at new Promise (<anonymous>) {
  code: 'EADDRINUSE',
  errno: -98,
  syscall: 'listen',
  address: '::',
  port: 3847
}
⨯ Failed to start server
Error: listen EADDRINUSE: address already in use :::3847
    at <unknown> (Error: listen EADDRINUSE: address already in use :::3847)
    at new Promise (<anonymous>) {
  code: 'EADDRINUSE',
  errno: -98,
  syscall: 'listen',
  address: '::',
  port: 3847
}
⨯ Failed to start server
Error: listen EADDRINUSE: address already in use :::3847
    at <unknown> (Error: listen EADDRINUSE: address already in use :::3847)
    at new Promise (<anonymous>) {
  code: 'EADDRINUSE',
  errno: -98,
  syscall: 'listen',
  address: '::',
  port: 3847
}
⨯ Failed to start server
Error: listen EADDRINUSE: address already in use :::3847
    at <unknown> (Error: listen EADDRINUSE: address already in use :::3847)
    at new Promise (<anonymous>) {
  code: 'EADDRINUSE',
  errno: -98,
  syscall: 'listen',
  address: '::',
  port: 3847
}
⨯ Failed to start server
Error: listen EADDRINUSE: address already in use :::3847
    at <unknown> (Error: listen EADDRINUSE: address already in use :::3847)
    at new Promise (<anonymous>) {
  code: 'EADDRINUSE',
  errno: -98,
  syscall: 'listen',
  address: '::',
  port: 3847
}
⨯ Failed to start server
Error: listen EADDRINUSE: address already in use :::3847
    at <unknown> (Error: listen EADDRINUSE: address already in use :::3847)
    at new Promise (<anonymous>) {
  code: 'EADDRINUSE',
  errno: -98,
  syscall: 'listen',
  address: '::',
  port: 3847
}
⨯ Failed to start server
Error: listen EADDRINUSE: address already in use :::3847
    at <unknown> (Error: listen EADDRINUSE: address already in use :::3847)
    at new Promise (<anonymous>) {
  code: 'EADDRINUSE',
  errno: -98,
  syscall: 'listen',
  address: '::',
  port: 3847
}
⨯ Failed to start server
Error: listen EADDRINUSE: address already in use :::3847
    at <unknown> (Error: listen EADDRINUSE: address already in use :::3847)
    at new Promise (<anonymous>) {
  code: 'EADDRINUSE',
  errno: -98,
  syscall: 'listen',
  address: '::',
  port: 3847
}
⨯ Failed to start server
Error: listen EADDRINUSE: address already in use :::3847
    at <unknown> (Error: listen EADDRINUSE: address already in use :::3847)
    at new Promise (<anonymous>) {
  code: 'EADDRINUSE',
  errno: -98,
  syscall: 'listen',
  address: '::',
  port: 3847
}
⨯ Failed to start server
Error: listen EADDRINUSE: address already in use :::3847
    at <unknown> (Error: listen EADDRINUSE: address already in use :::3847)
    at new Promise (<anonymous>) {
  code: 'EADDRINUSE',
  errno: -98,
  syscall: 'listen',
  address: '::',
  port: 3847
}
⨯ Failed to start server
Error: listen EADDRINUSE: address already in use :::3847
    at <unknown> (Error: listen EADDRINUSE: address already in use :::3847)
    at new Promise (<anonymous>) {
  code: 'EADDRINUSE',
  errno: -98,
  syscall: 'listen',
  address: '::',
  port: 3847
}
⨯ Failed to start server
Error: listen EADDRINUSE: address already in use :::3847
    at <unknown> (Error: listen EADDRINUSE: address already in use :::3847)
    at new Promise (<anonymous>) {
  code: 'EADDRINUSE',
  errno: -98,
  syscall: 'listen',
  address: '::',
  port: 3847
}
⨯ Failed to start server
Error: listen EADDRINUSE: address already in use :::3847
    at <unknown> (Error: listen EADDRINUSE: address already in use :::3847)
    at new Promise (<anonymous>) {
  code: 'EADDRINUSE',
  errno: -98,
  syscall: 'listen',
  address: '::',
  port: 3847
}
⨯ Failed to start server
Error: listen EADDRINUSE: address already in use :::3847
    at <unknown> (Error: listen EADDRINUSE: address already in use :::3847)
    at new Promise (<anonymous>) {
  code: 'EADDRINUSE',
  errno: -98,
  syscall: 'listen',
  address: '::',
  port: 3847
}
⨯ Failed to start server
Error: listen EADDRINUSE: address already in use :::3847
    at <unknown> (Error: listen EADDRINUSE: address already in use :::3847)
    at new Promise (<anonymous>) {
  code: 'EADDRINUSE',
  errno: -98,
  syscall: 'listen',
  address: '::',
  port: 3847
}
⨯ Failed to start server
Error: listen EADDRINUSE: address already in use :::3847
    at <unknown> (Error: listen EADDRINUSE: address already in use :::3847)
    at new Promise (<anonymous>) {
  code: 'EADDRINUSE',
  errno: -98,
  syscall: 'listen',
  address: '::',
  port: 3847
}
⨯ Failed to start server
Error: listen EADDRINUSE: address already in use :::3847
    at <unknown> (Error: listen EADDRINUSE: address already in use :::3847)
    at new Promise (<anonymous>) {
  code: 'EADDRINUSE',
  errno: -98,
  syscall: 'listen',
  address: '::',
  port: 3847
}
⨯ Failed to start server
Error: listen EADDRINUSE: address already in use :::3847
    at <unknown> (Error: listen EADDRINUSE: address already in use :::3847)
    at new Promise (<anonymous>) {
  code: 'EADDRINUSE',
  errno: -98,
  syscall: 'listen',
  address: '::',
  port: 3847
}
⨯ Failed to start server
Error: listen EADDRINUSE: address already in use :::3847
    at <unknown> (Error: listen EADDRINUSE: address already in use :::3847)
    at new Promise (<anonymous>) {
  code: 'EADDRINUSE',
  errno: -98,
  syscall: 'listen',
  address: '::',
  port: 3847
}
⨯ Failed to start server
Error: listen EADDRINUSE: address already in use :::3847
    at <unknown> (Error: listen EADDRINUSE: address already in use :::3847)
    at new Promise (<anonymous>) {
  code: 'EADDRINUSE',
  errno: -98,
  syscall: 'listen',
  address: '::',
  port: 3847
}
⨯ Failed to start server
Error: listen EADDRINUSE: address already in use :::3847
    at <unknown> (Error: listen EADDRINUSE: address already in use :::3847)
    at new Promise (<anonymous>) {
  code: 'EADDRINUSE',
  errno: -98,
  syscall: 'listen',
  address: '::',
  port: 3847
}
⨯ Failed to start server
Error: listen EADDRINUSE: address already in use :::3847
    at <unknown> (Error: listen EADDRINUSE: address already in use :::3847)
    at new Promise (<anonymous>) {
  code: 'EADDRINUSE',
  errno: -98,
  syscall: 'listen',
  address: '::',
  port: 3847
}
⨯ Failed to start server
Error: listen EADDRINUSE: address already in use :::3847
    at <unknown> (Error: listen EADDRINUSE: address already in use :::3847)
    at new Promise (<anonymous>) {
  code: 'EADDRINUSE',
  errno: -98,
  syscall: 'listen',
  address: '::',
  port: 3847
}
⨯ Failed to start server
Error: listen EADDRINUSE: address already in use :::3847
    at <unknown> (Error: listen EADDRINUSE: address already in use :::3847)
    at new Promise (<anonymous>) {
  code: 'EADDRINUSE',
  errno: -98,
  syscall: 'listen',
  address: '::',
  port: 3847
}
⨯ Failed to start server
Error: listen EADDRINUSE: address already in use :::3847
    at <unknown> (Error: listen EADDRINUSE: address already in use :::3847)
    at new Promise (<anonymous>) {
  code: 'EADDRINUSE',
  errno: -98,
  syscall: 'listen',
  address: '::',
  port: 3847
}
⨯ Failed to start server
Error: listen EADDRINUSE: address already in use :::3847
    at <unknown> (Error: listen EADDRINUSE: address already in use :::3847)
    at new Promise (<anonymous>) {
  code: 'EADDRINUSE',
  errno: -98,
  syscall: 'listen',
  address: '::',
  port: 3847
}
⨯ Failed to start server
Error: listen EADDRINUSE: address already in use :::3847
    at <unknown> (Error: listen EADDRINUSE: address already in use :::3847)
    at new Promise (<anonymous>) {
  code: 'EADDRINUSE',
  errno: -98,
  syscall: 'listen',
  address: '::',
  port: 3847
}
⨯ Failed to start server
Error: listen EADDRINUSE: address already in use :::3847
    at <unknown> (Error: listen EADDRINUSE: address already in use :::3847)
    at new Promise (<anonymous>) {
  code: 'EADDRINUSE',
  errno: -98,
  syscall: 'listen',
  address: '::',
  port: 3847
}
⨯ Failed to start server
Error: listen EADDRINUSE: address already in use :::3847
    at <unknown> (Error: listen EADDRINUSE: address already in use :::3847)
    at new Promise (<anonymous>) {
  code: 'EADDRINUSE',
  errno: -98,
  syscall: 'listen',
  address: '::',
  port: 3847
}
⨯ Failed to start server
Error: listen EADDRINUSE: address already in use :::3847
    at <unknown> (Error: listen EADDRINUSE: address already in use :::3847)
    at new Promise (<anonymous>) {
  code: 'EADDRINUSE',
  errno: -98,
  syscall: 'listen',
  address: '::',
  port: 3847
}
⨯ Failed to start server
Error: listen EADDRINUSE: address already in use :::3847
    at <unknown> (Error: listen EADDRINUSE: address already in use :::3847)
    at new Promise (<anonymous>) {
  code: 'EADDRINUSE',
  errno: -98,
  syscall: 'listen',
  address: '::',
  port: 3847
}
⨯ Failed to start server
Error: listen EADDRINUSE: address already in use :::3847
    at <unknown> (Error: listen EADDRINUSE: address already in use :::3847)
    at new Promise (<anonymous>) {
  code: 'EADDRINUSE',
  errno: -98,
  syscall: 'listen',
  address: '::',
  port: 3847
}
⨯ Failed to start server
Error: listen EADDRINUSE: address already in use :::3847
    at <unknown> (Error: listen EADDRINUSE: address already in use :::3847)
    at new Promise (<anonymous>) {
  code: 'EADDRINUSE',
  errno: -98,
  syscall: 'listen',
  address: '::',
  port: 3847
}
⨯ Failed to start server
Error: listen EADDRINUSE: address already in use :::3847
    at <unknown> (Error: listen EADDRINUSE: address already in use :::3847)
    at new Promise (<anonymous>) {
  code: 'EADDRINUSE',
  errno: -98,
  syscall: 'listen',
  address: '::',
  port: 3847
}
⨯ Failed to start server
Error: listen EADDRINUSE: address already in use :::3847
    at <unknown> (Error: listen EADDRINUSE: address already in use :::3847)
    at new Promise (<anonymous>) {
  code: 'EADDRINUSE',
  errno: -98,
  syscall: 'listen',
  address: '::',
  port: 3847
}
⨯ Failed to start server
Error: listen EADDRINUSE: address already in use :::3847
    at <unknown> (Error: listen EADDRINUSE: address already in use :::3847)
    at new Promise (<anonymous>) {
  code: 'EADDRINUSE',
  errno: -98,
  syscall: 'listen',
  address: '::',
  port: 3847
}
⨯ Failed to start server
Error: listen EADDRINUSE: address already in use :::3847
    at <unknown> (Error: listen EADDRINUSE: address already in use :::3847)
    at new Promise (<anonymous>) {
  code: 'EADDRINUSE',
  errno: -98,
  syscall: 'listen',
  address: '::',
  port: 3847
}
⨯ Failed to start server
Error: listen EADDRINUSE: address already in use :::3847
    at <unknown> (Error: listen EADDRINUSE: address already in use :::3847)
    at new Promise (<anonymous>) {
  code: 'EADDRINUSE',
  errno: -98,
  syscall: 'listen',
  address: '::',
  port: 3847
}
⨯ Failed to start server
Error: listen EADDRINUSE: address already in use :::3847
    at <unknown> (Error: listen EADDRINUSE: address already in use :::3847)
    at new Promise (<anonymous>) {
  code: 'EADDRINUSE',
  errno: -98,
  syscall: 'listen',
  address: '::',
  port: 3847
}
⨯ Failed to start server
Error: listen EADDRINUSE: address already in use :::3847
    at <unknown> (Error: listen EADDRINUSE: address already in use :::3847)
    at new Promise (<anonymous>) {
  code: 'EADDRINUSE',
  errno: -98,
  syscall: 'listen',
  address: '::',
  port: 3847
}
⨯ Failed to start server
Error: listen EADDRINUSE: address already in use :::3847
    at <unknown> (Error: listen EADDRINUSE: address already in use :::3847)
    at new Promise (<anonymous>) {
  code: 'EADDRINUSE',
  errno: -98,
  syscall: 'listen',
  address: '::',
  port: 3847
}
⨯ Failed to start server
Error: listen EADDRINUSE: address already in use :::3847
    at <unknown> (Error: listen EADDRINUSE: address already in use :::3847)
    at new Promise (<anonymous>) {
  code: 'EADDRINUSE',
  errno: -98,
  syscall: 'listen',
  address: '::',
  port: 3847
}
⨯ Failed to start server
Error: listen EADDRINUSE: address already in use :::3847
    at <unknown> (Error: listen EADDRINUSE: address already in use :::3847)
    at new Promise (<anonymous>) {
  code: 'EADDRINUSE',
  errno: -98,
  syscall: 'listen',
  address: '::',
  port: 3847
}
⨯ Failed to start server
Error: listen EADDRINUSE: address already in use :::3847
    at <unknown> (Error: listen EADDRINUSE: address already in use :::3847)
    at new Promise (<anonymous>) {
  code: 'EADDRINUSE',
  errno: -98,
  syscall: 'listen',
  address: '::',
  port: 3847
}
⨯ Failed to start server
Error: listen EADDRINUSE: address already in use :::3847
    at <unknown> (Error: listen EADDRINUSE: address already in use :::3847)
    at new Promise (<anonymous>) {
  code: 'EADDRINUSE',
  errno: -98,
  syscall: 'listen',
  address: '::',
  port: 3847
}
⨯ Failed to start server
Error: listen EADDRINUSE: address already in use :::3847
    at <unknown> (Error: listen EADDRINUSE: address already in use :::3847)
    at new Promise (<anonymous>) {
  code: 'EADDRINUSE',
  errno: -98,
  syscall: 'listen',
  address: '::',
  port: 3847
}
⨯ Failed to start server
Error: listen EADDRINUSE: address already in use :::3847
    at <unknown> (Error: listen EADDRINUSE: address already in use :::3847)
    at new Promise (<anonymous>) {
  code: 'EADDRINUSE',
  errno: -98,
  syscall: 'listen',
  address: '::',
  port: 3847
}
⨯ Failed to start server
Error: listen EADDRINUSE: address already in use :::3847
    at <unknown> (Error: listen EADDRINUSE: address already in use :::3847)
    at new Promise (<anonymous>) {
  code: 'EADDRINUSE',
  errno: -98,
  syscall: 'listen',
  address: '::',
  port: 3847
}
⨯ Failed to start server
Error: listen EADDRINUSE: address already in use :::3847
    at <unknown> (Error: listen EADDRINUSE: address already in use :::3847)
    at new Promise (<anonymous>) {
  code: 'EADDRINUSE',
  errno: -98,
  syscall: 'listen',
  address: '::',
  port: 3847
}
⨯ Failed to start server
Error: listen EADDRINUSE: address already in use :::3847
    at <unknown> (Error: listen EADDRINUSE: address already in use :::3847)
    at new Promise (<anonymous>) {
  code: 'EADDRINUSE',
  errno: -98,
  syscall: 'listen',
  address: '::',
  port: 3847
}
⨯ Failed to start server
Error: listen EADDRINUSE: address already in use :::3847
    at <unknown> (Error: listen EADDRINUSE: address already in use :::3847)
    at new Promise (<anonymous>) {
  code: 'EADDRINUSE',
  errno: -98,
  syscall: 'listen',
  address: '::',
  port: 3847
}
⨯ Failed to start server
Error: listen EADDRINUSE: address already in use :::3847
    at <unknown> (Error: listen EADDRINUSE: address already in use :::3847)
    at new Promise (<anonymous>) {
  code: 'EADDRINUSE',
  errno: -98,
  syscall: 'listen',
  address: '::',
  port: 3847
}
⨯ Failed to start server
Error: listen EADDRINUSE: address already in use :::3847
    at <unknown> (Error: listen EADDRINUSE: address already in use :::3847)
    at new Promise (<anonymous>) {
  code: 'EADDRINUSE',
  errno: -98,
  syscall: 'listen',
  address: '::',
  port: 3847
}
⨯ Failed to start server
Error: listen EADDRINUSE: address already in use :::3847
    at <unknown> (Error: listen EADDRINUSE: address already in use :::3847)
    at new Promise (<anonymous>) {
  code: 'EADDRINUSE',
  errno: -98,
  syscall: 'listen',
  address: '::',
  port: 3847
}
⨯ Failed to start server
Error: listen EADDRINUSE: address already in use :::3847
    at <unknown> (Error: listen EADDRINUSE: address already in use :::3847)
    at new Promise (<anonymous>) {
  code: 'EADDRINUSE',
  errno: -98,
  syscall: 'listen',
  address: '::',
  port: 3847
}
⨯ Failed to start server
Error: listen EADDRINUSE: address already in use :::3847
    at <unknown> (Error: listen EADDRINUSE: address already in use :::3847)
    at new Promise (<anonymous>) {
  code: 'EADDRINUSE',
  errno: -98,
  syscall: 'listen',
  address: '::',
  port: 3847
}
⨯ Failed to start server
Error: listen EADDRINUSE: address already in use :::3847
    at <unknown> (Error: listen EADDRINUSE: address already in use :::3847)
    at new Promise (<anonymous>) {
  code: 'EADDRINUSE',
  errno: -98,
  syscall: 'listen',
  address: '::',
  port: 3847
}
⨯ Failed to start server
Error: listen EADDRINUSE: address already in use :::3847
    at <unknown> (Error: listen EADDRINUSE: address already in use :::3847)
    at new Promise (<anonymous>) {
  code: 'EADDRINUSE',
  errno: -98,
  syscall: 'listen',
  address: '::',
  port: 3847
}
⨯ Failed to start server
Error: listen EADDRINUSE: address already in use :::3847
    at <unknown> (Error: listen EADDRINUSE: address already in use :::3847)
    at new Promise (<anonymous>) {
  code: 'EADDRINUSE',
  errno: -98,
  syscall: 'listen',
  address: '::',
  port: 3847
}
⨯ Failed to start server
Error: listen EADDRINUSE: address already in use :::3847
    at <unknown> (Error: listen EADDRINUSE: address already in use :::3847)
    at new Promise (<anonymous>) {
  code: 'EADDRINUSE',
  errno: -98,
  syscall: 'listen',
  address: '::',
  port: 3847
}
⨯ Failed to start server
Error: listen EADDRINUSE: address already in use :::3847
    at <unknown> (Error: listen EADDRINUSE: address already in use :::3847)
    at new Promise (<anonymous>) {
  code: 'EADDRINUSE',
  errno: -98,
  syscall: 'listen',
  address: '::',
  port: 3847
}
⨯ Failed to start server
Error: listen EADDRINUSE: address already in use :::3847
    at <unknown> (Error: listen EADDRINUSE: address already in use :::3847)
    at new Promise (<anonymous>) {
  code: 'EADDRINUSE',
  errno: -98,
  syscall: 'listen',
  address: '::',
  port: 3847
}
⨯ Failed to start server
Error: listen EADDRINUSE: address already in use :::3847
    at <unknown> (Error: listen EADDRINUSE: address already in use :::3847)
    at new Promise (<anonymous>) {
  code: 'EADDRINUSE',
  errno: -98,
  syscall: 'listen',
  address: '::',
  port: 3847
}
⨯ Failed to start server
Error: listen EADDRINUSE: address already in use :::3847
    at <unknown> (Error: listen EADDRINUSE: address already in use :::3847)
    at new Promise (<anonymous>) {
  code: 'EADDRINUSE',
  errno: -98,
  syscall: 'listen',
  address: '::',
  port: 3847
}
⨯ Failed to start server
Error: listen EADDRINUSE: address already in use :::3847
    at <unknown> (Error: listen EADDRINUSE: address already in use :::3847)
    at new Promise (<anonymous>) {
  code: 'EADDRINUSE',
  errno: -98,
  syscall: 'listen',
  address: '::',
  port: 3847
}
⨯ Failed to start server
Error: listen EADDRINUSE: address already in use :::3847
    at <unknown> (Error: listen EADDRINUSE: address already in use :::3847)
    at new Promise (<anonymous>) {
  code: 'EADDRINUSE',
  errno: -98,
  syscall: 'listen',
  address: '::',
  port: 3847
}
⨯ Failed to start server
Error: listen EADDRINUSE: address already in use :::3847
    at <unknown> (Error: listen EADDRINUSE: address already in use :::3847)
    at new Promise (<anonymous>) {
  code: 'EADDRINUSE',
  errno: -98,
  syscall: 'listen',
  address: '::',
  port: 3847
}
⨯ Failed to start server
Error: listen EADDRINUSE: address already in use :::3847
    at <unknown> (Error: listen EADDRINUSE: address already in use :::3847)
    at new Promise (<anonymous>) {
  code: 'EADDRINUSE',
  errno: -98,
  syscall: 'listen',
  address: '::',
  port: 3847
}
⨯ Failed to start server
Error: listen EADDRINUSE: address already in use :::3847
    at <unknown> (Error: listen EADDRINUSE: address already in use :::3847)
    at new Promise (<anonymous>) {
  code: 'EADDRINUSE',
  errno: -98,
  syscall: 'listen',
  address: '::',
  port: 3847
}
⨯ Failed to start server
Error: listen EADDRINUSE: address already in use :::3847
    at <unknown> (Error: listen EADDRINUSE: address already in use :::3847)
    at new Promise (<anonymous>) {
  code: 'EADDRINUSE',
  errno: -98,
  syscall: 'listen',
  address: '::',
  port: 3847
}
⨯ Failed to start server
Error: listen EADDRINUSE: address already in use :::3847
    at <unknown> (Error: listen EADDRINUSE: address already in use :::3847)
    at new Promise (<anonymous>) {
  code: 'EADDRINUSE',
  errno: -98,
  syscall: 'listen',
  address: '::',
  port: 3847
}
⨯ Failed to start server
Error: listen EADDRINUSE: address already in use :::3847
    at <unknown> (Error: listen EADDRINUSE: address already in use :::3847)
    at new Promise (<anonymous>) {
  code: 'EADDRINUSE',
  errno: -98,
  syscall: 'listen',
  address: '::',
  port: 3847
}
⨯ Failed to start server
Error: listen EADDRINUSE: address already in use :::3847
    at <unknown> (Error: listen EADDRINUSE: address already in use :::3847)
    at new Promise (<anonymous>) {
  code: 'EADDRINUSE',
  errno: -98,
  syscall: 'listen',
  address: '::',
  port: 3847
}
⨯ Failed to start server
Error: listen EADDRINUSE: address already in use :::3847
    at <unknown> (Error: listen EADDRINUSE: address already in use :::3847)
    at new Promise (<anonymous>) {
  code: 'EADDRINUSE',
  errno: -98,
  syscall: 'listen',
  address: '::',
  port: 3847
}
⨯ Failed to start server
Error: listen EADDRINUSE: address already in use :::3847
    at <unknown> (Error: listen EADDRINUSE: address already in use :::3847)
    at new Promise (<anonymous>) {
  code: 'EADDRINUSE',
  errno: -98,
  syscall: 'listen',
  address: '::',
  port: 3847
}
⨯ Failed to start server
Error: listen EADDRINUSE: address already in use :::3847
    at <unknown> (Error: listen EADDRINUSE: address already in use :::3847)
    at new Promise (<anonymous>) {
  code: 'EADDRINUSE',
  errno: -98,
  syscall: 'listen',
  address: '::',
  port: 3847
}
⨯ Failed to start server
Error: listen EADDRINUSE: address already in use :::3847
    at <unknown> (Error: listen EADDRINUSE: address already in use :::3847)
    at new Promise (<anonymous>) {
  code: 'EADDRINUSE',
  errno: -98,
  syscall: 'listen',
  address: '::',
  port: 3847
}
⨯ Failed to start server
Error: listen EADDRINUSE: address already in use :::3847
    at <unknown> (Error: listen EADDRINUSE: address already in use :::3847)
    at new Promise (<anonymous>) {
  code: 'EADDRINUSE',
  errno: -98,
  syscall: 'listen',
  address: '::',
  port: 3847
}
⨯ Failed to start server
Error: listen EADDRINUSE: address already in use :::3847
    at <unknown> (Error: listen EADDRINUSE: address already in use :::3847)
    at new Promise (<anonymous>) {
  code: 'EADDRINUSE',
  errno: -98,
  syscall: 'listen',
  address: '::',
  port: 3847
}
⨯ Failed to start server
Error: listen EADDRINUSE: address already in use :::3847
    at <unknown> (Error: listen EADDRINUSE: address already in use :::3847)
    at new Promise (<anonymous>) {
  code: 'EADDRINUSE',
  errno: -98,
  syscall: 'listen',
  address: '::',
  port: 3847
}
⨯ Failed to start server
Error: listen EADDRINUSE: address already in use :::3847
    at <unknown> (Error: listen EADDRINUSE: address already in use :::3847)
    at new Promise (<anonymous>) {
  code: 'EADDRINUSE',
  errno: -98,
  syscall: 'listen',
  address: '::',
  port: 3847
}
⨯ Failed to start server
Error: listen EADDRINUSE: address already in use :::3847
    at <unknown> (Error: listen EADDRINUSE: address already in use :::3847)
    at new Promise (<anonymous>) {
  code: 'EADDRINUSE',
  errno: -98,
  syscall: 'listen',
  address: '::',
  port: 3847
}
⨯ Failed to start server
Error: listen EADDRINUSE: address already in use :::3847
    at <unknown> (Error: listen EADDRINUSE: address already in use :::3847)
    at new Promise (<anonymous>) {
  code: 'EADDRINUSE',
  errno: -98,
  syscall: 'listen',
  address: '::',
  port: 3847
}
⨯ Failed to start server
Error: listen EADDRINUSE: address already in use :::3847
    at <unknown> (Error: listen EADDRINUSE: address already in use :::3847)
    at new Promise (<anonymous>) {
  code: 'EADDRINUSE',
  errno: -98,
  syscall: 'listen',
  address: '::',
  port: 3847
}
⨯ Failed to start server
Error: listen EADDRINUSE: address already in use :::3847
    at <unknown> (Error: listen EADDRINUSE: address already in use :::3847)
    at new Promise (<anonymous>) {
  code: 'EADDRINUSE',
  errno: -98,
  syscall: 'listen',
  address: '::',
  port: 3847
}
⨯ Failed to start server
Error: listen EADDRINUSE: address already in use :::3847
    at <unknown> (Error: listen EADDRINUSE: address already in use :::3847)
    at new Promise (<anonymous>) {
  code: 'EADDRINUSE',
  errno: -98,
  syscall: 'listen',
  address: '::',
  port: 3847
}
⨯ Failed to start server
Error: listen EADDRINUSE: address already in use :::3847
    at <unknown> (Error: listen EADDRINUSE: address already in use :::3847)
    at new Promise (<anonymous>) {
  code: 'EADDRINUSE',
  errno: -98,
  syscall: 'listen',
  address: '::',
  port: 3847
}
⨯ Failed to start server
Error: listen EADDRINUSE: address already in use :::3847
    at <unknown> (Error: listen EADDRINUSE: address already in use :::3847)
    at new Promise (<anonymous>) {
  code: 'EADDRINUSE',
  errno: -98,
  syscall: 'listen',
  address: '::',
  port: 3847
}
⨯ Failed to start server
Error: listen EADDRINUSE: address already in use :::3847
    at <unknown> (Error: listen EADDRINUSE: address already in use :::3847)
    at new Promise (<anonymous>) {
  code: 'EADDRINUSE',
  errno: -98,
  syscall: 'listen',
  address: '::',
  port: 3847
}
⨯ Failed to start server
Error: listen EADDRINUSE: address already in use :::3847
    at <unknown> (Error: listen EADDRINUSE: address already in use :::3847)
    at new Promise (<anonymous>) {
  code: 'EADDRINUSE',
  errno: -98,
  syscall: 'listen',
  address: '::',
  port: 3847
}
⨯ Failed to start server
Error: listen EADDRINUSE: address already in use :::3847
    at <unknown> (Error: listen EADDRINUSE: address already in use :::3847)
    at new Promise (<anonymous>) {
  code: 'EADDRINUSE',
  errno: -98,
  syscall: 'listen',
  address: '::',
  port: 3847
}
⨯ Failed to start server
Error: listen EADDRINUSE: address already in use :::3847
    at <unknown> (Error: listen EADDRINUSE: address already in use :::3847)
    at new Promise (<anonymous>) {
  code: 'EADDRINUSE',
  errno: -98,
  syscall: 'listen',
  address: '::',
  port: 3847
}
⨯ Failed to start server
Error: listen EADDRINUSE: address already in use :::3847
    at <unknown> (Error: listen EADDRINUSE: address already in use :::3847)
    at new Promise (<anonymous>) {
  code: 'EADDRINUSE',
  errno: -98,
  syscall: 'listen',
  address: '::',
  port: 3847
}
⨯ Failed to start server
Error: listen EADDRINUSE: address already in use :::3847
    at <unknown> (Error: listen EADDRINUSE: address already in use :::3847)
    at new Promise (<anonymous>) {
  code: 'EADDRINUSE',
  errno: -98,
  syscall: 'listen',
  address: '::',
  port: 3847
}
⨯ Failed to start server
Error: listen EADDRINUSE: address already in use :::3847
    at <unknown> (Error: listen EADDRINUSE: address already in use :::3847)
    at new Promise (<anonymous>) {
  code: 'EADDRINUSE',
  errno: -98,
  syscall: 'listen',
  address: '::',
  port: 3847
}
⨯ Failed to start server
Error: listen EADDRINUSE: address already in use :::3847
    at <unknown> (Error: listen EADDRINUSE: address already in use :::3847)
    at new Promise (<anonymous>) {
  code: 'EADDRINUSE',
  errno: -98,
  syscall: 'listen',
  address: '::',
  port: 3847
}
⨯ Failed to start server
Error: listen EADDRINUSE: address already in use :::3847
    at <unknown> (Error: listen EADDRINUSE: address already in use :::3847)
    at new Promise (<anonymous>) {
  code: 'EADDRINUSE',
  errno: -98,
  syscall: 'listen',
  address: '::',
  port: 3847
}
⨯ Failed to start server
Error: listen EADDRINUSE: address already in use :::3847
    at <unknown> (Error: listen EADDRINUSE: address already in use :::3847)
    at new Promise (<anonymous>) {
  code: 'EADDRINUSE',
  errno: -98,
  syscall: 'listen',
  address: '::',
  port: 3847
}
⨯ Failed to start server
Error: listen EADDRINUSE: address already in use :::3847
    at <unknown> (Error: listen EADDRINUSE: address already in use :::3847)
    at new Promise (<anonymous>) {
  code: 'EADDRINUSE',
  errno: -98,
  syscall: 'listen',
  address: '::',
  port: 3847
}
⨯ Failed to start server
Error: listen EADDRINUSE: address already in use :::3847
    at <unknown> (Error: listen EADDRINUSE: address already in use :::3847)
    at new Promise (<anonymous>) {
  code: 'EADDRINUSE',
  errno: -98,
  syscall: 'listen',
  address: '::',
  port: 3847
}
⨯ Failed to start server
Error: listen EADDRINUSE: address already in use :::3847
    at <unknown> (Error: listen EADDRINUSE: address already in use :::3847)
    at new Promise (<anonymous>) {
  code: 'EADDRINUSE',
  errno: -98,
  syscall: 'listen',
  address: '::',
  port: 3847
}
⨯ Failed to start server
Error: listen EADDRINUSE: address already in use :::3847
    at <unknown> (Error: listen EADDRINUSE: address already in use :::3847)
    at new Promise (<anonymous>) {
  code: 'EADDRINUSE',
  errno: -98,
  syscall: 'listen',
  address: '::',
  port: 3847
}
⨯ Failed to start server
Error: listen EADDRINUSE: address already in use :::3847
    at <unknown> (Error: listen EADDRINUSE: address already in use :::3847)
    at new Promise (<anonymous>) {
  code: 'EADDRINUSE',
  errno: -98,
  syscall: 'listen',
  address: '::',
  port: 3847
}
⨯ Failed to start server
Error: listen EADDRINUSE: address already in use :::3847
    at <unknown> (Error: listen EADDRINUSE: address already in use :::3847)
    at new Promise (<anonymous>) {
  code: 'EADDRINUSE',
  errno: -98,
  syscall: 'listen',
  address: '::',
  port: 3847
}
⨯ Failed to start server
Error: listen EADDRINUSE: address already in use :::3847
    at <unknown> (Error: listen EADDRINUSE: address already in use :::3847)
    at new Promise (<anonymous>) {
  code: 'EADDRINUSE',
  errno: -98,
  syscall: 'listen',
  address: '::',
  port: 3847
}
⨯ Failed to start server
Error: listen EADDRINUSE: address already in use :::3847
    at <unknown> (Error: listen EADDRINUSE: address already in use :::3847)
    at new Promise (<anonymous>) {
  code: 'EADDRINUSE',
  errno: -98,
  syscall: 'listen',
  address: '::',
  port: 3847
}
⨯ Failed to start server
Error: listen EADDRINUSE: address already in use :::3847
    at <unknown> (Error: listen EADDRINUSE: address already in use :::3847)
    at new Promise (<anonymous>) {
  code: 'EADDRINUSE',
  errno: -98,
  syscall: 'listen',
  address: '::',
  port: 3847
}
⨯ Failed to start server
Error: listen EADDRINUSE: address already in use :::3847
    at <unknown> (Error: listen EADDRINUSE: address already in use :::3847)
    at new Promise (<anonymous>) {
  code: 'EADDRINUSE',
  errno: -98,
  syscall: 'listen',
  address: '::',
  port: 3847
}
⨯ Failed to start server
Error: listen EADDRINUSE: address already in use :::3847
    at <unknown> (Error: listen EADDRINUSE: address already in use :::3847)
    at new Promise (<anonymous>) {
  code: 'EADDRINUSE',
  errno: -98,
  syscall: 'listen',
  address: '::',
  port: 3847
}
⨯ Failed to start server
Error: listen EADDRINUSE: address already in use :::3847
    at <unknown> (Error: listen EADDRINUSE: address already in use :::3847)
    at new Promise (<anonymous>) {
  code: 'EADDRINUSE',
  errno: -98,
  syscall: 'listen',
  address: '::',
  port: 3847
}
⨯ Failed to start server
Error: listen EADDRINUSE: address already in use :::3847
    at <unknown> (Error: listen EADDRINUSE: address already in use :::3847)
    at new Promise (<anonymous>) {
  code: 'EADDRINUSE',
  errno: -98,
  syscall: 'listen',
  address: '::',
  port: 3847
}
⨯ Failed to start server
Error: listen EADDRINUSE: address already in use :::3847
    at <unknown> (Error: listen EADDRINUSE: address already in use :::3847)
    at new Promise (<anonymous>) {
  code: 'EADDRINUSE',
  errno: -98,
  syscall: 'listen',
  address: '::',
  port: 3847
}
⨯ Failed to start server
Error: listen EADDRINUSE: address already in use :::3847
    at <unknown> (Error: listen EADDRINUSE: address already in use :::3847)
    at new Promise (<anonymous>) {
  code: 'EADDRINUSE',
  errno: -98,
  syscall: 'listen',
  address: '::',
  port: 3847
}
⨯ Failed to start server
Error: listen EADDRINUSE: address already in use :::3847
    at <unknown> (Error: listen EADDRINUSE: address already in use :::3847)
    at new Promise (<anonymous>) {
  code: 'EADDRINUSE',
  errno: -98,
  syscall: 'listen',
  address: '::',
  port: 3847
}
⨯ Failed to start server
Error: listen EADDRINUSE: address already in use :::3847
    at <unknown> (Error: listen EADDRINUSE: address already in use :::3847)
    at new Promise (<anonymous>) {
  code: 'EADDRINUSE',
  errno: -98,
  syscall: 'listen',
  address: '::',
  port: 3847
}
⨯ Failed to start server
Error: listen EADDRINUSE: address already in use :::3847
    at <unknown> (Error: listen EADDRINUSE: address already in use :::3847)
    at new Promise (<anonymous>) {
  code: 'EADDRINUSE',
  errno: -98,
  syscall: 'listen',
  address: '::',
  port: 3847
}
⨯ Failed to start server
Error: listen EADDRINUSE: address already in use :::3847
    at <unknown> (Error: listen EADDRINUSE: address already in use :::3847)
    at new Promise (<anonymous>) {
  code: 'EADDRINUSE',
  errno: -98,
  syscall: 'listen',
  address: '::',
  port: 3847
}
⨯ Failed to start server
Error: listen EADDRINUSE: address already in use :::3847
    at <unknown> (Error: listen EADDRINUSE: address already in use :::3847)
    at new Promise (<anonymous>) {
  code: 'EADDRINUSE',
  errno: -98,
  syscall: 'listen',
  address: '::',
  port: 3847
}
⨯ Failed to start server
Error: listen EADDRINUSE: address already in use :::3847
    at <unknown> (Error: listen EADDRINUSE: address already in use :::3847)
    at new Promise (<anonymous>) {
  code: 'EADDRINUSE',
  errno: -98,
  syscall: 'listen',
  address: '::',
  port: 3847
}
⨯ Failed to start server
Error: listen EADDRINUSE: address already in use :::3847
    at <unknown> (Error: listen EADDRINUSE: address already in use :::3847)
    at new Promise (<anonymous>) {
  code: 'EADDRINUSE',
  errno: -98,
  syscall: 'listen',
  address: '::',
  port: 3847
}
⨯ Failed to start server
Error: listen EADDRINUSE: address already in use :::3847
    at <unknown> (Error: listen EADDRINUSE: address already in use :::3847)
    at new Promise (<anonymous>) {
  code: 'EADDRINUSE',
  errno: -98,
  syscall: 'listen',
  address: '::',
  port: 3847
}
▲ Next.js 16.3.0
- Local:         http://localhost:3847
- Network:       http://194.31.55.65:3847
✓ Ready in 157ms
✓ Running next.config.ts took 43ms
▲ Next.js 16.3.0
- Local:         http://localhost:3847
- Network:       http://194.31.55.65:3847
✓ Ready in 199ms
✓ Running next.config.ts took 63ms
▲ Next.js 16.3.0
- Local:         http://localhost:3847
- Network:       http://194.31.55.65:3847
✓ Ready in 140ms
✓ Running next.config.ts took 48ms
▲ Next.js 16.3.0
- Local:         http://localhost:3847
- Network:       http://194.31.55.65:3847
✓ Ready in 136ms
✓ Running next.config.ts took 37ms
▲ Next.js 16.3.0
- Local:         http://localhost:3847
- Network:       http://194.31.55.65:3847
✓ Ready in 162ms
✓ Running next.config.ts took 57ms
▲ Next.js 16.3.0
- Local:         http://localhost:3847
- Network:       http://194.31.55.65:3847
✓ Ready in 143ms
✓ Running next.config.ts took 37ms
▲ Next.js 16.3.0
- Local:         http://localhost:3847
- Network:       http://194.31.55.65:3847
✓ Ready in 266ms
✓ Running next.config.ts took 40ms
▲ Next.js 16.3.0
- Local:         http://localhost:3847
- Network:       http://194.31.55.65:3847
✓ Ready in 191ms
✓ Running next.config.ts took 41ms
▲ Next.js 16.3.0
- Local:         http://localhost:3847
- Network:       http://194.31.55.65:3847
✓ Ready in 256ms
✓ Running next.config.ts took 121ms
▲ Next.js 16.3.0
- Local:         http://localhost:3847
- Network:       http://194.31.55.65:3847
✓ Ready in 179ms
✓ Running next.config.ts took 44ms
▲ Next.js 16.3.0
- Local:         http://localhost:3847
- Network:       http://194.31.55.65:3847
✓ Ready in 156ms
✓ Running next.config.ts took 40ms
▲ Next.js 16.3.0
- Local:         http://localhost:3847
- Network:       http://194.31.55.65:3847
✓ Ready in 205ms
✓ Running next.config.ts took 48ms
▲ Next.js 16.3.0
- Local:         http://localhost:3847
- Network:       http://194.31.55.65:3847
✓ Ready in 139ms
✓ Running next.config.ts took 45ms
▲ Next.js 16.3.0
- Local:         http://localhost:3847
- Network:       http://194.31.55.65:3847
✓ Ready in 158ms
✓ Running next.config.ts took 36ms
▲ Next.js 16.3.0
- Local:         http://localhost:3847
- Network:       http://194.31.55.65:3847
✓ Ready in 159ms
✓ Running next.config.ts took 54ms
▲ Next.js 16.3.0
- Local:         http://localhost:3847
- Network:       http://194.31.55.65:3847
✓ Ready in 224ms
✓ Running next.config.ts took 52ms
▲ Next.js 16.3.0
- Local:         http://localhost:3847
- Network:       http://194.31.55.65:3847
✓ Ready in 228ms
✓ Running next.config.ts took 43ms
▲ Next.js 16.3.0
- Local:         http://localhost:3847
- Network:       http://194.31.55.65:3847
✓ Ready in 185ms
✓ Running next.config.ts took 48ms
